[2025-03-23T08:05:18.090+0000] {local_task_job_runner.py:123} INFO - ::group::Pre task execution logs
[2025-03-23T08:05:18.096+0000] {taskinstance.py:2614} INFO - Dependencies all met for dep_context=non-requeueable deps ti=<TaskInstance: fraud_detection_training.execute_training manual__2025-03-23T08:05:15.981920+00:00 [queued]>
[2025-03-23T08:05:18.098+0000] {taskinstance.py:2614} INFO - Dependencies all met for dep_context=requeueable deps ti=<TaskInstance: fraud_detection_training.execute_training manual__2025-03-23T08:05:15.981920+00:00 [queued]>
[2025-03-23T08:05:18.099+0000] {taskinstance.py:2867} INFO - Starting attempt 1 of 1
[2025-03-23T08:05:18.102+0000] {taskinstance.py:2890} INFO - Executing <Task(PythonOperator): execute_training> on 2025-03-23 08:05:15.981920+00:00
[2025-03-23T08:05:18.104+0000] {warnings.py:112} WARNING - /home/***/.local/lib/python3.12/site-packages/***/task/task_runner/standard_task_runner.py:70: DeprecationWarning: This process (pid=384) is multi-threaded, use of fork() may lead to deadlocks in the child.
  pid = os.fork()

[2025-03-23T08:05:18.104+0000] {standard_task_runner.py:72} INFO - Started process 385 to run task
[2025-03-23T08:05:18.105+0000] {standard_task_runner.py:104} INFO - Running: ['***', 'tasks', 'run', 'fraud_detection_training', 'execute_training', 'manual__2025-03-23T08:05:15.981920+00:00', '--job-id', '30', '--raw', '--subdir', 'DAGS_FOLDER/fruad_detection_training_dag.py', '--cfg-path', '/tmp/tmptrsigsty']
[2025-03-23T08:05:18.105+0000] {standard_task_runner.py:105} INFO - Job 30: Subtask execute_training
[2025-03-23T08:05:18.119+0000] {task_command.py:467} INFO - Running <TaskInstance: fraud_detection_training.execute_training manual__2025-03-23T08:05:15.981920+00:00 [running]> on host c43d953a065c
[2025-03-23T08:05:18.142+0000] {taskinstance.py:3134} INFO - Exporting env vars: AIRFLOW_CTX_DAG_OWNER='***' AIRFLOW_CTX_DAG_ID='fraud_detection_training' AIRFLOW_CTX_TASK_ID='execute_training' AIRFLOW_CTX_EXECUTION_DATE='2025-03-23T08:05:15.981920+00:00' AIRFLOW_CTX_TRY_NUMBER='1' AIRFLOW_CTX_DAG_RUN_ID='manual__2025-03-23T08:05:15.981920+00:00'
[2025-03-23T08:05:18.142+0000] {taskinstance.py:732} INFO - ::endgroup::
[2025-03-23T08:05:19.316+0000] {warnings.py:112} WARNING - /opt/***/dags/fraud_detection_training.py:45: UserWarning: The numpy.array_api submodule is still experimental. See NEP 47.
  from numpy.array_api import astype

[2025-03-23T08:05:19.334+0000] {fruad_detection_training_dag.py:18} INFO - Starting training...
[2025-03-23T08:05:19.336+0000] {fraud_detection_training.py:120} INFO - Configuration loaded successfully
[2025-03-23T08:05:19.385+0000] {fraud_detection_training.py:163} INFO - Minio connection verified. Buckets: ['mlflow']
[2025-03-23T08:05:19.413+0000] {fraud_detection_training.py:308} INFO - Starting model training process
[2025-03-23T08:05:19.413+0000] {fraud_detection_training.py:188} INFO - Connecting to kafka topic fraud_topic_1
[2025-03-23T08:05:19.451+0000] {conn.py:385} INFO - <BrokerConnection client_id=kafka-python-2.1.2, node_id=bootstrap-0 host=pkc-921jm.us-east-2.aws.confluent.cloud:9092 <connecting> [IPv4 ('3.128.0.163', 9092)]>: connecting to pkc-921jm.us-east-2.aws.confluent.cloud:9092 [('3.128.0.163', 9092) IPv4]
[2025-03-23T08:05:19.734+0000] {conn.py:486} INFO - <BrokerConnection client_id=kafka-python-2.1.2, node_id=bootstrap-0 host=pkc-921jm.us-east-2.aws.confluent.cloud:9092 <handshake> [IPv4 ('3.128.0.163', 9092)]>: Loading system default SSL CAs from ('/usr/lib/ssl/cert.pem', '/usr/lib/ssl/certs', 'SSL_CERT_FILE', '/usr/lib/ssl/cert.pem', 'SSL_CERT_DIR', '/usr/lib/ssl/certs')
[2025-03-23T08:05:20.551+0000] {conn.py:593} INFO - Broker version identified as 2.6
[2025-03-23T08:05:21.064+0000] {conn.py:789} INFO - <BrokerConnection client_id=kafka-python-2.1.2, node_id=bootstrap-0 host=pkc-921jm.us-east-2.aws.confluent.cloud:9092 <authenticating> [IPv4 ('3.128.0.163', 9092)]>: Authenticated as N2I6QDSAFXKGXQJX via SASL / Plain
[2025-03-23T08:05:21.066+0000] {conn.py:455} INFO - <BrokerConnection client_id=kafka-python-2.1.2, node_id=bootstrap-0 host=pkc-921jm.us-east-2.aws.confluent.cloud:9092 <authenticating> [IPv4 ('3.128.0.163', 9092)]>: Connection complete.
[2025-03-23T08:05:21.068+0000] {subscription_state.py:171} INFO - Updating subscribed topics to: ('fraud_topic_1',)
[2025-03-23T08:05:21.070+0000] {fraud_detection_training.py:233} ERROR - Failed to read data from Kafka: No partitions are currently assigned
Traceback (most recent call last):
  File "/opt/airflow/dags/fraud_detection_training.py", line 205, in read_from_kafka
    consumer.seek_to_beginning()
  File "/home/airflow/.local/lib/python3.12/site-packages/kafka/consumer/group.py", line 858, in seek_to_beginning
    assert partitions, 'No partitions are currently assigned'
           ^^^^^^^^^^
AssertionError: No partitions are currently assigned
[2025-03-23T08:05:21.072+0000] {fraud_detection_training.py:469} ERROR - Training failed: No partitions are currently assigned
Traceback (most recent call last):
  File "/opt/airflow/dags/fraud_detection_training.py", line 311, in train_model
    df = self.read_from_kafka()
         ^^^^^^^^^^^^^^^^^^^^^^
  File "/opt/airflow/dags/fraud_detection_training.py", line 205, in read_from_kafka
    consumer.seek_to_beginning()
  File "/home/airflow/.local/lib/python3.12/site-packages/kafka/consumer/group.py", line 858, in seek_to_beginning
    assert partitions, 'No partitions are currently assigned'
           ^^^^^^^^^^
AssertionError: No partitions are currently assigned
[2025-03-23T08:05:21.073+0000] {fruad_detection_training_dag.py:24} ERROR - Failed to train model: No partitions are currently assigned
[2025-03-23T08:05:21.085+0000] {taskinstance.py:3313} ERROR - Task failed with exception
Traceback (most recent call last):
  File "/opt/airflow/dags/fruad_detection_training_dag.py", line 20, in _train_model
    model, precision = trainer.train_model()
                       ^^^^^^^^^^^^^^^^^^^^^
  File "/opt/airflow/dags/fraud_detection_training.py", line 311, in train_model
    df = self.read_from_kafka()
         ^^^^^^^^^^^^^^^^^^^^^^
  File "/opt/airflow/dags/fraud_detection_training.py", line 205, in read_from_kafka
    consumer.seek_to_beginning()
  File "/home/airflow/.local/lib/python3.12/site-packages/kafka/consumer/group.py", line 858, in seek_to_beginning
    assert partitions, 'No partitions are currently assigned'
           ^^^^^^^^^^
AssertionError: No partitions are currently assigned

During handling of the above exception, another exception occurred:

Traceback (most recent call last):
  File "/home/airflow/.local/lib/python3.12/site-packages/airflow/models/taskinstance.py", line 768, in _execute_task
    result = _execute_callable(context=context, **execute_callable_kwargs)
             ^^^^^^^^^^^^^^^^^^^^^^^^^^^^^^^^^^^^^^^^^^^^^^^^^^^^^^^^^^^^^
  File "/home/airflow/.local/lib/python3.12/site-packages/airflow/models/taskinstance.py", line 734, in _execute_callable
    return ExecutionCallableRunner(
           ^^^^^^^^^^^^^^^^^^^^^^^^
  File "/home/airflow/.local/lib/python3.12/site-packages/airflow/utils/operator_helpers.py", line 252, in run
    return self.func(*args, **kwargs)
           ^^^^^^^^^^^^^^^^^^^^^^^^^^
  File "/home/airflow/.local/lib/python3.12/site-packages/airflow/models/baseoperator.py", line 424, in wrapper
    return func(self, *args, **kwargs)
           ^^^^^^^^^^^^^^^^^^^^^^^^^^^
  File "/home/airflow/.local/lib/python3.12/site-packages/airflow/operators/python.py", line 238, in execute
    return_value = self.execute_callable()
                   ^^^^^^^^^^^^^^^^^^^^^^^
  File "/home/airflow/.local/lib/python3.12/site-packages/airflow/operators/python.py", line 256, in execute_callable
    return runner.run(*self.op_args, **self.op_kwargs)
           ^^^^^^^^^^^^^^^^^^^^^^^^^^^^^^^^^^^^^^^^^^^
  File "/home/airflow/.local/lib/python3.12/site-packages/airflow/utils/operator_helpers.py", line 252, in run
    return self.func(*args, **kwargs)
           ^^^^^^^^^^^^^^^^^^^^^^^^^^
  File "/opt/airflow/dags/fruad_detection_training_dag.py", line 25, in _train_model
    raise AirflowException(f'Failed to train model: {str(e)}')
airflow.exceptions.AirflowException: Failed to train model: No partitions are currently assigned
[2025-03-23T08:05:21.089+0000] {taskinstance.py:1226} INFO - Marking task as FAILED. dag_id=fraud_detection_training, task_id=execute_training, run_id=manual__2025-03-23T08:05:15.981920+00:00, execution_date=20250323T080515, start_date=20250323T080518, end_date=20250323T080521
[2025-03-23T08:05:21.105+0000] {taskinstance.py:341} INFO - ::group::Post task execution logs
[2025-03-23T08:05:21.105+0000] {standard_task_runner.py:124} ERROR - Failed to execute job 30 for task execute_training (Failed to train model: No partitions are currently assigned; 385)
Traceback (most recent call last):
  File "/opt/airflow/dags/fruad_detection_training_dag.py", line 20, in _train_model
    model, precision = trainer.train_model()
                       ^^^^^^^^^^^^^^^^^^^^^
  File "/opt/airflow/dags/fraud_detection_training.py", line 311, in train_model
    df = self.read_from_kafka()
         ^^^^^^^^^^^^^^^^^^^^^^
  File "/opt/airflow/dags/fraud_detection_training.py", line 205, in read_from_kafka
    consumer.seek_to_beginning()
  File "/home/airflow/.local/lib/python3.12/site-packages/kafka/consumer/group.py", line 858, in seek_to_beginning
    assert partitions, 'No partitions are currently assigned'
           ^^^^^^^^^^
AssertionError: No partitions are currently assigned

During handling of the above exception, another exception occurred:

Traceback (most recent call last):
  File "/home/airflow/.local/lib/python3.12/site-packages/airflow/task/task_runner/standard_task_runner.py", line 117, in _start_by_fork
    ret = args.func(args, dag=self.dag)
          ^^^^^^^^^^^^^^^^^^^^^^^^^^^^^
  File "/home/airflow/.local/lib/python3.12/site-packages/airflow/cli/cli_config.py", line 49, in command
    return func(*args, **kwargs)
           ^^^^^^^^^^^^^^^^^^^^^
  File "/home/airflow/.local/lib/python3.12/site-packages/airflow/utils/cli.py", line 116, in wrapper
    return f(*args, **kwargs)
           ^^^^^^^^^^^^^^^^^^
  File "/home/airflow/.local/lib/python3.12/site-packages/airflow/cli/commands/task_command.py", line 483, in task_run
    task_return_code = _run_task_by_selected_method(args, _dag, ti)
                       ^^^^^^^^^^^^^^^^^^^^^^^^^^^^^^^^^^^^^^^^^^^^
  File "/home/airflow/.local/lib/python3.12/site-packages/airflow/cli/commands/task_command.py", line 256, in _run_task_by_selected_method
    return _run_raw_task(args, ti)
           ^^^^^^^^^^^^^^^^^^^^^^^
  File "/home/airflow/.local/lib/python3.12/site-packages/airflow/cli/commands/task_command.py", line 341, in _run_raw_task
    return ti._run_raw_task(
           ^^^^^^^^^^^^^^^^^
  File "/home/airflow/.local/lib/python3.12/site-packages/airflow/utils/session.py", line 97, in wrapper
    return func(*args, session=session, **kwargs)
           ^^^^^^^^^^^^^^^^^^^^^^^^^^^^^^^^^^^^^^
  File "/home/airflow/.local/lib/python3.12/site-packages/airflow/models/taskinstance.py", line 3006, in _run_raw_task
    return _run_raw_task(
           ^^^^^^^^^^^^^^
  File "/home/airflow/.local/lib/python3.12/site-packages/airflow/models/taskinstance.py", line 274, in _run_raw_task
    TaskInstance._execute_task_with_callbacks(
  File "/home/airflow/.local/lib/python3.12/site-packages/airflow/models/taskinstance.py", line 3161, in _execute_task_with_callbacks
    result = self._execute_task(context, task_orig)
             ^^^^^^^^^^^^^^^^^^^^^^^^^^^^^^^^^^^^^^
  File "/home/airflow/.local/lib/python3.12/site-packages/airflow/models/taskinstance.py", line 3185, in _execute_task
    return _execute_task(self, context, task_orig)
           ^^^^^^^^^^^^^^^^^^^^^^^^^^^^^^^^^^^^^^^
  File "/home/airflow/.local/lib/python3.12/site-packages/airflow/models/taskinstance.py", line 768, in _execute_task
    result = _execute_callable(context=context, **execute_callable_kwargs)
             ^^^^^^^^^^^^^^^^^^^^^^^^^^^^^^^^^^^^^^^^^^^^^^^^^^^^^^^^^^^^^
  File "/home/airflow/.local/lib/python3.12/site-packages/airflow/models/taskinstance.py", line 734, in _execute_callable
    return ExecutionCallableRunner(
           ^^^^^^^^^^^^^^^^^^^^^^^^
  File "/home/airflow/.local/lib/python3.12/site-packages/airflow/utils/operator_helpers.py", line 252, in run
    return self.func(*args, **kwargs)
           ^^^^^^^^^^^^^^^^^^^^^^^^^^
  File "/home/airflow/.local/lib/python3.12/site-packages/airflow/models/baseoperator.py", line 424, in wrapper
    return func(self, *args, **kwargs)
           ^^^^^^^^^^^^^^^^^^^^^^^^^^^
  File "/home/airflow/.local/lib/python3.12/site-packages/airflow/operators/python.py", line 238, in execute
    return_value = self.execute_callable()
                   ^^^^^^^^^^^^^^^^^^^^^^^
  File "/home/airflow/.local/lib/python3.12/site-packages/airflow/operators/python.py", line 256, in execute_callable
    return runner.run(*self.op_args, **self.op_kwargs)
           ^^^^^^^^^^^^^^^^^^^^^^^^^^^^^^^^^^^^^^^^^^^
  File "/home/airflow/.local/lib/python3.12/site-packages/airflow/utils/operator_helpers.py", line 252, in run
    return self.func(*args, **kwargs)
           ^^^^^^^^^^^^^^^^^^^^^^^^^^
  File "/opt/airflow/dags/fruad_detection_training_dag.py", line 25, in _train_model
    raise AirflowException(f'Failed to train model: {str(e)}')
airflow.exceptions.AirflowException: Failed to train model: No partitions are currently assigned
[2025-03-23T08:05:21.162+0000] {local_task_job_runner.py:266} INFO - Task exited with return code 1
[2025-03-23T08:05:21.175+0000] {taskinstance.py:3901} INFO - 1 downstream tasks scheduled from follow-on schedule check
[2025-03-23T08:05:21.176+0000] {local_task_job_runner.py:245} INFO - ::endgroup::
