[2025-03-20T15:23:23.538+0000] {local_task_job_runner.py:123} INFO - ::group::Pre task execution logs
[2025-03-20T15:23:23.548+0000] {taskinstance.py:2614} INFO - Dependencies all met for dep_context=non-requeueable deps ti=<TaskInstance: fraud_detection_training.execute_training scheduled__2025-03-19T03:00:00+00:00 [queued]>
[2025-03-20T15:23:23.553+0000] {taskinstance.py:2614} INFO - Dependencies all met for dep_context=requeueable deps ti=<TaskInstance: fraud_detection_training.execute_training scheduled__2025-03-19T03:00:00+00:00 [queued]>
[2025-03-20T15:23:23.553+0000] {taskinstance.py:2867} INFO - Starting attempt 1 of 1
[2025-03-20T15:23:23.563+0000] {taskinstance.py:2890} INFO - Executing <Task(PythonOperator): execute_training> on 2025-03-19 03:00:00+00:00
[2025-03-20T15:23:23.567+0000] {warnings.py:112} WARNING - /home/***/.local/lib/python3.12/site-packages/***/task/task_runner/standard_task_runner.py:70: DeprecationWarning: This process (pid=71) is multi-threaded, use of fork() may lead to deadlocks in the child.
  pid = os.fork()

[2025-03-20T15:23:23.568+0000] {standard_task_runner.py:72} INFO - Started process 72 to run task
[2025-03-20T15:23:23.569+0000] {standard_task_runner.py:104} INFO - Running: ['***', 'tasks', 'run', 'fraud_detection_training', 'execute_training', 'scheduled__2025-03-19T03:00:00+00:00', '--job-id', '83', '--raw', '--subdir', 'DAGS_FOLDER/fruad_detection_training_dag.py', '--cfg-path', '/tmp/tmp7feiawb2']
[2025-03-20T15:23:23.570+0000] {standard_task_runner.py:105} INFO - Job 83: Subtask execute_training
[2025-03-20T15:23:23.604+0000] {task_command.py:467} INFO - Running <TaskInstance: fraud_detection_training.execute_training scheduled__2025-03-19T03:00:00+00:00 [running]> on host 3fe0bb17fe7e
[2025-03-20T15:23:23.653+0000] {taskinstance.py:3134} INFO - Exporting env vars: AIRFLOW_CTX_DAG_OWNER='***' AIRFLOW_CTX_DAG_ID='fraud_detection_training' AIRFLOW_CTX_TASK_ID='execute_training' AIRFLOW_CTX_EXECUTION_DATE='2025-03-19T03:00:00+00:00' AIRFLOW_CTX_TRY_NUMBER='1' AIRFLOW_CTX_DAG_RUN_ID='scheduled__2025-03-19T03:00:00+00:00'
[2025-03-20T15:23:23.653+0000] {taskinstance.py:732} INFO - ::endgroup::
[2025-03-20T15:23:26.062+0000] {fruad_detection_training_dag.py:18} INFO - Starting training...
[2025-03-20T15:23:26.067+0000] {fraud_detection_training.py:54} INFO - Configuration loaded successfully
[2025-03-20T15:23:26.352+0000] {fraud_detection_training.py:86} INFO - Successfully connected to MinIO. Buckets: ['mlflow']
[2025-03-20T15:23:26.758+0000] {fraud_detection_training.py:129} INFO - Starting training...
[2025-03-20T15:23:26.759+0000] {fraud_detection_training.py:97} INFO - Reading data from Kafka topic: fraud_topic_1
[2025-03-20T15:23:26.828+0000] {conn.py:384} INFO - <BrokerConnection client_id=kafka-python-2.0.6, node_id=bootstrap-0 host=pkc-921jm.us-east-2.aws.confluent.cloud:9092 <connecting> [IPv4 ('3.17.46.4', 9092)]>: connecting to pkc-921jm.us-east-2.aws.confluent.cloud:9092 [('3.17.46.4', 9092) IPv4]
[2025-03-20T15:23:26.829+0000] {conn.py:1219} INFO - Probing node bootstrap-0 broker version
[2025-03-20T15:23:27.039+0000] {conn.py:480} INFO - <BrokerConnection client_id=kafka-python-2.0.6, node_id=bootstrap-0 host=pkc-921jm.us-east-2.aws.confluent.cloud:9092 <handshake> [IPv4 ('3.17.46.4', 9092)]>: Loading system default SSL CAs from ('/usr/lib/ssl/cert.pem', '/usr/lib/ssl/certs', 'SSL_CERT_FILE', '/usr/lib/ssl/cert.pem', 'SSL_CERT_DIR', '/usr/lib/ssl/certs')
[2025-03-20T15:23:27.890+0000] {conn.py:665} INFO - <BrokerConnection client_id=kafka-python-2.0.6, node_id=bootstrap-0 host=pkc-921jm.us-east-2.aws.confluent.cloud:9092 <authenticating> [IPv4 ('3.17.46.4', 9092)]>: Authenticated as N2I6QDSAFXKGXQJX via PLAIN
[2025-03-20T15:23:27.891+0000] {conn.py:449} INFO - <BrokerConnection client_id=kafka-python-2.0.6, node_id=bootstrap-0 host=pkc-921jm.us-east-2.aws.confluent.cloud:9092 <authenticating> [IPv4 ('3.17.46.4', 9092)]>: Connection complete.
[2025-03-20T15:23:28.204+0000] {conn.py:1282} INFO - Broker version identified as 2.6.0
[2025-03-20T15:23:28.205+0000] {conn.py:1283} INFO - Set configuration api_version=(2, 6, 0) to skip auto check_version requests on startup
[2025-03-20T15:23:28.208+0000] {consumer.py:118} WARNING - group_id is None: disabling auto-commit.
[2025-03-20T15:23:28.209+0000] {subscription_state.py:171} INFO - Updating subscribed topics to: ('fraud_topic_1',)
[2025-03-20T15:23:28.421+0000] {subscription_state.py:257} INFO - Updated partition assignment: [('fraud_topic_1', 0), ('fraud_topic_1', 1), ('fraud_topic_1', 2), ('fraud_topic_1', 3), ('fraud_topic_1', 4), ('fraud_topic_1', 5)]
[2025-03-20T15:23:28.435+0000] {conn.py:384} INFO - <BrokerConnection client_id=kafka-python-2.0.6, node_id=2 host=b2-pkc-921jm.us-east-2.aws.confluent.cloud:9092 <connecting> [IPv4 ('3.136.105.91', 9092)]>: connecting to b2-pkc-921jm.us-east-2.aws.confluent.cloud:9092 [('3.136.105.91', 9092) IPv4]
[2025-03-20T15:23:28.740+0000] {conn.py:480} INFO - <BrokerConnection client_id=kafka-python-2.0.6, node_id=2 host=b2-pkc-921jm.us-east-2.aws.confluent.cloud:9092 <handshake> [IPv4 ('3.136.105.91', 9092)]>: Loading system default SSL CAs from ('/usr/lib/ssl/cert.pem', '/usr/lib/ssl/certs', 'SSL_CERT_FILE', '/usr/lib/ssl/cert.pem', 'SSL_CERT_DIR', '/usr/lib/ssl/certs')
[2025-03-20T15:23:29.884+0000] {conn.py:665} INFO - <BrokerConnection client_id=kafka-python-2.0.6, node_id=2 host=b2-pkc-921jm.us-east-2.aws.confluent.cloud:9092 <authenticating> [IPv4 ('3.136.105.91', 9092)]>: Authenticated as N2I6QDSAFXKGXQJX via PLAIN
[2025-03-20T15:23:29.886+0000] {conn.py:449} INFO - <BrokerConnection client_id=kafka-python-2.0.6, node_id=2 host=b2-pkc-921jm.us-east-2.aws.confluent.cloud:9092 <authenticating> [IPv4 ('3.136.105.91', 9092)]>: Connection complete.
[2025-03-20T15:23:29.886+0000] {conn.py:928} INFO - <BrokerConnection client_id=kafka-python-2.0.6, node_id=bootstrap-0 host=pkc-921jm.us-east-2.aws.confluent.cloud:9092 <connected> [IPv4 ('3.17.46.4', 9092)]>: Closing connection. 
[2025-03-20T15:23:30.285+0000] {conn.py:384} INFO - <BrokerConnection client_id=kafka-python-2.0.6, node_id=5 host=b5-pkc-921jm.us-east-2.aws.confluent.cloud:9092 <connecting> [IPv4 ('3.13.145.222', 9092)]>: connecting to b5-pkc-921jm.us-east-2.aws.confluent.cloud:9092 [('3.13.145.222', 9092) IPv4]
[2025-03-20T15:23:30.593+0000] {conn.py:480} INFO - <BrokerConnection client_id=kafka-python-2.0.6, node_id=5 host=b5-pkc-921jm.us-east-2.aws.confluent.cloud:9092 <handshake> [IPv4 ('3.13.145.222', 9092)]>: Loading system default SSL CAs from ('/usr/lib/ssl/cert.pem', '/usr/lib/ssl/certs', 'SSL_CERT_FILE', '/usr/lib/ssl/cert.pem', 'SSL_CERT_DIR', '/usr/lib/ssl/certs')
[2025-03-20T15:23:31.749+0000] {conn.py:665} INFO - <BrokerConnection client_id=kafka-python-2.0.6, node_id=5 host=b5-pkc-921jm.us-east-2.aws.confluent.cloud:9092 <authenticating> [IPv4 ('3.13.145.222', 9092)]>: Authenticated as N2I6QDSAFXKGXQJX via PLAIN
[2025-03-20T15:23:31.749+0000] {conn.py:449} INFO - <BrokerConnection client_id=kafka-python-2.0.6, node_id=5 host=b5-pkc-921jm.us-east-2.aws.confluent.cloud:9092 <authenticating> [IPv4 ('3.13.145.222', 9092)]>: Connection complete.
[2025-03-20T15:23:32.073+0000] {conn.py:384} INFO - <BrokerConnection client_id=kafka-python-2.0.6, node_id=3 host=b3-pkc-921jm.us-east-2.aws.confluent.cloud:9092 <connecting> [IPv4 ('3.12.133.26', 9092)]>: connecting to b3-pkc-921jm.us-east-2.aws.confluent.cloud:9092 [('3.12.133.26', 9092) IPv4]
[2025-03-20T15:23:32.280+0000] {conn.py:480} INFO - <BrokerConnection client_id=kafka-python-2.0.6, node_id=3 host=b3-pkc-921jm.us-east-2.aws.confluent.cloud:9092 <handshake> [IPv4 ('3.12.133.26', 9092)]>: Loading system default SSL CAs from ('/usr/lib/ssl/cert.pem', '/usr/lib/ssl/certs', 'SSL_CERT_FILE', '/usr/lib/ssl/cert.pem', 'SSL_CERT_DIR', '/usr/lib/ssl/certs')
[2025-03-20T15:23:33.332+0000] {conn.py:665} INFO - <BrokerConnection client_id=kafka-python-2.0.6, node_id=3 host=b3-pkc-921jm.us-east-2.aws.confluent.cloud:9092 <authenticating> [IPv4 ('3.12.133.26', 9092)]>: Authenticated as N2I6QDSAFXKGXQJX via PLAIN
[2025-03-20T15:23:33.334+0000] {conn.py:449} INFO - <BrokerConnection client_id=kafka-python-2.0.6, node_id=3 host=b3-pkc-921jm.us-east-2.aws.confluent.cloud:9092 <authenticating> [IPv4 ('3.12.133.26', 9092)]>: Connection complete.
[2025-03-20T15:23:33.711+0000] {conn.py:384} INFO - <BrokerConnection client_id=kafka-python-2.0.6, node_id=0 host=b0-pkc-921jm.us-east-2.aws.confluent.cloud:9092 <connecting> [IPv4 ('18.216.197.77', 9092)]>: connecting to b0-pkc-921jm.us-east-2.aws.confluent.cloud:9092 [('18.216.197.77', 9092) IPv4]
[2025-03-20T15:23:34.017+0000] {conn.py:480} INFO - <BrokerConnection client_id=kafka-python-2.0.6, node_id=0 host=b0-pkc-921jm.us-east-2.aws.confluent.cloud:9092 <handshake> [IPv4 ('18.216.197.77', 9092)]>: Loading system default SSL CAs from ('/usr/lib/ssl/cert.pem', '/usr/lib/ssl/certs', 'SSL_CERT_FILE', '/usr/lib/ssl/cert.pem', 'SSL_CERT_DIR', '/usr/lib/ssl/certs')
[2025-03-20T15:23:35.186+0000] {conn.py:665} INFO - <BrokerConnection client_id=kafka-python-2.0.6, node_id=0 host=b0-pkc-921jm.us-east-2.aws.confluent.cloud:9092 <authenticating> [IPv4 ('18.216.197.77', 9092)]>: Authenticated as N2I6QDSAFXKGXQJX via PLAIN
[2025-03-20T15:23:35.187+0000] {conn.py:449} INFO - <BrokerConnection client_id=kafka-python-2.0.6, node_id=0 host=b0-pkc-921jm.us-east-2.aws.confluent.cloud:9092 <authenticating> [IPv4 ('18.216.197.77', 9092)]>: Connection complete.
[2025-03-20T15:23:35.511+0000] {conn.py:384} INFO - <BrokerConnection client_id=kafka-python-2.0.6, node_id=4 host=b4-pkc-921jm.us-east-2.aws.confluent.cloud:9092 <connecting> [IPv4 ('18.219.135.67', 9092)]>: connecting to b4-pkc-921jm.us-east-2.aws.confluent.cloud:9092 [('18.219.135.67', 9092) IPv4]
[2025-03-20T15:23:35.816+0000] {conn.py:480} INFO - <BrokerConnection client_id=kafka-python-2.0.6, node_id=4 host=b4-pkc-921jm.us-east-2.aws.confluent.cloud:9092 <handshake> [IPv4 ('18.219.135.67', 9092)]>: Loading system default SSL CAs from ('/usr/lib/ssl/cert.pem', '/usr/lib/ssl/certs', 'SSL_CERT_FILE', '/usr/lib/ssl/cert.pem', 'SSL_CERT_DIR', '/usr/lib/ssl/certs')
[2025-03-20T15:23:36.867+0000] {conn.py:665} INFO - <BrokerConnection client_id=kafka-python-2.0.6, node_id=4 host=b4-pkc-921jm.us-east-2.aws.confluent.cloud:9092 <authenticating> [IPv4 ('18.219.135.67', 9092)]>: Authenticated as N2I6QDSAFXKGXQJX via PLAIN
[2025-03-20T15:23:36.868+0000] {conn.py:449} INFO - <BrokerConnection client_id=kafka-python-2.0.6, node_id=4 host=b4-pkc-921jm.us-east-2.aws.confluent.cloud:9092 <authenticating> [IPv4 ('18.219.135.67', 9092)]>: Connection complete.
[2025-03-20T15:23:37.188+0000] {conn.py:384} INFO - <BrokerConnection client_id=kafka-python-2.0.6, node_id=1 host=b1-pkc-921jm.us-east-2.aws.confluent.cloud:9092 <connecting> [IPv4 ('3.131.219.183', 9092)]>: connecting to b1-pkc-921jm.us-east-2.aws.confluent.cloud:9092 [('3.131.219.183', 9092) IPv4]
[2025-03-20T15:23:37.497+0000] {conn.py:480} INFO - <BrokerConnection client_id=kafka-python-2.0.6, node_id=1 host=b1-pkc-921jm.us-east-2.aws.confluent.cloud:9092 <handshake> [IPv4 ('3.131.219.183', 9092)]>: Loading system default SSL CAs from ('/usr/lib/ssl/cert.pem', '/usr/lib/ssl/certs', 'SSL_CERT_FILE', '/usr/lib/ssl/cert.pem', 'SSL_CERT_DIR', '/usr/lib/ssl/certs')
[2025-03-20T15:23:38.657+0000] {conn.py:665} INFO - <BrokerConnection client_id=kafka-python-2.0.6, node_id=1 host=b1-pkc-921jm.us-east-2.aws.confluent.cloud:9092 <authenticating> [IPv4 ('3.131.219.183', 9092)]>: Authenticated as N2I6QDSAFXKGXQJX via PLAIN
[2025-03-20T15:23:38.658+0000] {conn.py:449} INFO - <BrokerConnection client_id=kafka-python-2.0.6, node_id=1 host=b1-pkc-921jm.us-east-2.aws.confluent.cloud:9092 <authenticating> [IPv4 ('3.131.219.183', 9092)]>: Connection complete.
[2025-03-20T15:23:39.304+0000] {conn.py:928} INFO - <BrokerConnection client_id=kafka-python-2.0.6, node_id=2 host=b2-pkc-921jm.us-east-2.aws.confluent.cloud:9092 <connected> [IPv4 ('3.136.105.91', 9092)]>: Closing connection. 
[2025-03-20T15:23:39.306+0000] {fetcher.py:792} INFO - Fetch to node 2 failed: Cancelled: <BrokerConnection client_id=kafka-python-2.0.6, node_id=2 host=b2-pkc-921jm.us-east-2.aws.confluent.cloud:9092 <connected> [IPv4 ('3.136.105.91', 9092)]>
[2025-03-20T15:23:39.307+0000] {conn.py:928} INFO - <BrokerConnection client_id=kafka-python-2.0.6, node_id=5 host=b5-pkc-921jm.us-east-2.aws.confluent.cloud:9092 <connected> [IPv4 ('3.13.145.222', 9092)]>: Closing connection. 
[2025-03-20T15:23:39.307+0000] {fetcher.py:792} INFO - Fetch to node 5 failed: Cancelled: <BrokerConnection client_id=kafka-python-2.0.6, node_id=5 host=b5-pkc-921jm.us-east-2.aws.confluent.cloud:9092 <connected> [IPv4 ('3.13.145.222', 9092)]>
[2025-03-20T15:23:39.308+0000] {conn.py:928} INFO - <BrokerConnection client_id=kafka-python-2.0.6, node_id=3 host=b3-pkc-921jm.us-east-2.aws.confluent.cloud:9092 <connected> [IPv4 ('3.12.133.26', 9092)]>: Closing connection. 
[2025-03-20T15:23:39.310+0000] {fetcher.py:792} INFO - Fetch to node 3 failed: Cancelled: <BrokerConnection client_id=kafka-python-2.0.6, node_id=3 host=b3-pkc-921jm.us-east-2.aws.confluent.cloud:9092 <connected> [IPv4 ('3.12.133.26', 9092)]>
[2025-03-20T15:23:39.310+0000] {conn.py:928} INFO - <BrokerConnection client_id=kafka-python-2.0.6, node_id=0 host=b0-pkc-921jm.us-east-2.aws.confluent.cloud:9092 <connected> [IPv4 ('18.216.197.77', 9092)]>: Closing connection. 
[2025-03-20T15:23:39.311+0000] {fetcher.py:792} INFO - Fetch to node 0 failed: Cancelled: <BrokerConnection client_id=kafka-python-2.0.6, node_id=0 host=b0-pkc-921jm.us-east-2.aws.confluent.cloud:9092 <connected> [IPv4 ('18.216.197.77', 9092)]>
[2025-03-20T15:23:39.311+0000] {conn.py:928} INFO - <BrokerConnection client_id=kafka-python-2.0.6, node_id=4 host=b4-pkc-921jm.us-east-2.aws.confluent.cloud:9092 <connected> [IPv4 ('18.219.135.67', 9092)]>: Closing connection. 
[2025-03-20T15:23:39.312+0000] {fetcher.py:792} INFO - Fetch to node 4 failed: Cancelled: <BrokerConnection client_id=kafka-python-2.0.6, node_id=4 host=b4-pkc-921jm.us-east-2.aws.confluent.cloud:9092 <connected> [IPv4 ('18.219.135.67', 9092)]>
[2025-03-20T15:23:39.312+0000] {conn.py:928} INFO - <BrokerConnection client_id=kafka-python-2.0.6, node_id=1 host=b1-pkc-921jm.us-east-2.aws.confluent.cloud:9092 <connected> [IPv4 ('3.131.219.183', 9092)]>: Closing connection. 
[2025-03-20T15:23:39.314+0000] {fetcher.py:792} INFO - Fetch to node 1 failed: Cancelled: <BrokerConnection client_id=kafka-python-2.0.6, node_id=1 host=b1-pkc-921jm.us-east-2.aws.confluent.cloud:9092 <connected> [IPv4 ('3.131.219.183', 9092)]>
[2025-03-20T15:23:39.333+0000] {fruad_detection_training_dag.py:24} ERROR - Failed to train model: No data found in Kafka topic
[2025-03-20T15:23:39.353+0000] {taskinstance.py:3313} ERROR - Task failed with exception
Traceback (most recent call last):
  File "/opt/airflow/dags/fruad_detection_training_dag.py", line 20, in _train_model
    model, precision = trainer.train_model()
                       ^^^^^^^^^^^^^^^^^^^^^
  File "/opt/airflow/dags/fraud_detection_training.py", line 132, in train_model
    raise e
  File "/opt/airflow/dags/fraud_detection_training.py", line 130, in train_model
    df = self.read_from_kafka()
         ^^^^^^^^^^^^^^^^^^^^^^
  File "/opt/airflow/dags/fraud_detection_training.py", line 126, in read_from_kafka
    raise e
  File "/opt/airflow/dags/fraud_detection_training.py", line 115, in read_from_kafka
    raise ValueError("No data found in Kafka topic")
ValueError: No data found in Kafka topic

During handling of the above exception, another exception occurred:

Traceback (most recent call last):
  File "/home/airflow/.local/lib/python3.12/site-packages/airflow/models/taskinstance.py", line 768, in _execute_task
    result = _execute_callable(context=context, **execute_callable_kwargs)
             ^^^^^^^^^^^^^^^^^^^^^^^^^^^^^^^^^^^^^^^^^^^^^^^^^^^^^^^^^^^^^
  File "/home/airflow/.local/lib/python3.12/site-packages/airflow/models/taskinstance.py", line 734, in _execute_callable
    return ExecutionCallableRunner(
           ^^^^^^^^^^^^^^^^^^^^^^^^
  File "/home/airflow/.local/lib/python3.12/site-packages/airflow/utils/operator_helpers.py", line 252, in run
    return self.func(*args, **kwargs)
           ^^^^^^^^^^^^^^^^^^^^^^^^^^
  File "/home/airflow/.local/lib/python3.12/site-packages/airflow/models/baseoperator.py", line 424, in wrapper
    return func(self, *args, **kwargs)
           ^^^^^^^^^^^^^^^^^^^^^^^^^^^
  File "/home/airflow/.local/lib/python3.12/site-packages/airflow/operators/python.py", line 238, in execute
    return_value = self.execute_callable()
                   ^^^^^^^^^^^^^^^^^^^^^^^
  File "/home/airflow/.local/lib/python3.12/site-packages/airflow/operators/python.py", line 256, in execute_callable
    return runner.run(*self.op_args, **self.op_kwargs)
           ^^^^^^^^^^^^^^^^^^^^^^^^^^^^^^^^^^^^^^^^^^^
  File "/home/airflow/.local/lib/python3.12/site-packages/airflow/utils/operator_helpers.py", line 252, in run
    return self.func(*args, **kwargs)
           ^^^^^^^^^^^^^^^^^^^^^^^^^^
  File "/opt/airflow/dags/fruad_detection_training_dag.py", line 25, in _train_model
    raise AirflowException(f'Failed to train model: {str(e)}')
airflow.exceptions.AirflowException: Failed to train model: No data found in Kafka topic
[2025-03-20T15:23:39.361+0000] {taskinstance.py:1226} INFO - Marking task as FAILED. dag_id=fraud_detection_training, task_id=execute_training, run_id=scheduled__2025-03-19T03:00:00+00:00, execution_date=20250319T030000, start_date=20250320T152323, end_date=20250320T152339
[2025-03-20T15:23:39.378+0000] {taskinstance.py:341} INFO - ::group::Post task execution logs
[2025-03-20T15:23:39.378+0000] {standard_task_runner.py:124} ERROR - Failed to execute job 83 for task execute_training (Failed to train model: No data found in Kafka topic; 72)
Traceback (most recent call last):
  File "/opt/airflow/dags/fruad_detection_training_dag.py", line 20, in _train_model
    model, precision = trainer.train_model()
                       ^^^^^^^^^^^^^^^^^^^^^
  File "/opt/airflow/dags/fraud_detection_training.py", line 132, in train_model
    raise e
  File "/opt/airflow/dags/fraud_detection_training.py", line 130, in train_model
    df = self.read_from_kafka()
         ^^^^^^^^^^^^^^^^^^^^^^
  File "/opt/airflow/dags/fraud_detection_training.py", line 126, in read_from_kafka
    raise e
  File "/opt/airflow/dags/fraud_detection_training.py", line 115, in read_from_kafka
    raise ValueError("No data found in Kafka topic")
ValueError: No data found in Kafka topic

During handling of the above exception, another exception occurred:

Traceback (most recent call last):
  File "/home/airflow/.local/lib/python3.12/site-packages/airflow/task/task_runner/standard_task_runner.py", line 117, in _start_by_fork
    ret = args.func(args, dag=self.dag)
          ^^^^^^^^^^^^^^^^^^^^^^^^^^^^^
  File "/home/airflow/.local/lib/python3.12/site-packages/airflow/cli/cli_config.py", line 49, in command
    return func(*args, **kwargs)
           ^^^^^^^^^^^^^^^^^^^^^
  File "/home/airflow/.local/lib/python3.12/site-packages/airflow/utils/cli.py", line 116, in wrapper
    return f(*args, **kwargs)
           ^^^^^^^^^^^^^^^^^^
  File "/home/airflow/.local/lib/python3.12/site-packages/airflow/cli/commands/task_command.py", line 483, in task_run
    task_return_code = _run_task_by_selected_method(args, _dag, ti)
                       ^^^^^^^^^^^^^^^^^^^^^^^^^^^^^^^^^^^^^^^^^^^^
  File "/home/airflow/.local/lib/python3.12/site-packages/airflow/cli/commands/task_command.py", line 256, in _run_task_by_selected_method
    return _run_raw_task(args, ti)
           ^^^^^^^^^^^^^^^^^^^^^^^
  File "/home/airflow/.local/lib/python3.12/site-packages/airflow/cli/commands/task_command.py", line 341, in _run_raw_task
    return ti._run_raw_task(
           ^^^^^^^^^^^^^^^^^
  File "/home/airflow/.local/lib/python3.12/site-packages/airflow/utils/session.py", line 97, in wrapper
    return func(*args, session=session, **kwargs)
           ^^^^^^^^^^^^^^^^^^^^^^^^^^^^^^^^^^^^^^
  File "/home/airflow/.local/lib/python3.12/site-packages/airflow/models/taskinstance.py", line 3006, in _run_raw_task
    return _run_raw_task(
           ^^^^^^^^^^^^^^
  File "/home/airflow/.local/lib/python3.12/site-packages/airflow/models/taskinstance.py", line 274, in _run_raw_task
    TaskInstance._execute_task_with_callbacks(
  File "/home/airflow/.local/lib/python3.12/site-packages/airflow/models/taskinstance.py", line 3161, in _execute_task_with_callbacks
    result = self._execute_task(context, task_orig)
             ^^^^^^^^^^^^^^^^^^^^^^^^^^^^^^^^^^^^^^
  File "/home/airflow/.local/lib/python3.12/site-packages/airflow/models/taskinstance.py", line 3185, in _execute_task
    return _execute_task(self, context, task_orig)
           ^^^^^^^^^^^^^^^^^^^^^^^^^^^^^^^^^^^^^^^
  File "/home/airflow/.local/lib/python3.12/site-packages/airflow/models/taskinstance.py", line 768, in _execute_task
    result = _execute_callable(context=context, **execute_callable_kwargs)
             ^^^^^^^^^^^^^^^^^^^^^^^^^^^^^^^^^^^^^^^^^^^^^^^^^^^^^^^^^^^^^
  File "/home/airflow/.local/lib/python3.12/site-packages/airflow/models/taskinstance.py", line 734, in _execute_callable
    return ExecutionCallableRunner(
           ^^^^^^^^^^^^^^^^^^^^^^^^
  File "/home/airflow/.local/lib/python3.12/site-packages/airflow/utils/operator_helpers.py", line 252, in run
    return self.func(*args, **kwargs)
           ^^^^^^^^^^^^^^^^^^^^^^^^^^
  File "/home/airflow/.local/lib/python3.12/site-packages/airflow/models/baseoperator.py", line 424, in wrapper
    return func(self, *args, **kwargs)
           ^^^^^^^^^^^^^^^^^^^^^^^^^^^
  File "/home/airflow/.local/lib/python3.12/site-packages/airflow/operators/python.py", line 238, in execute
    return_value = self.execute_callable()
                   ^^^^^^^^^^^^^^^^^^^^^^^
  File "/home/airflow/.local/lib/python3.12/site-packages/airflow/operators/python.py", line 256, in execute_callable
    return runner.run(*self.op_args, **self.op_kwargs)
           ^^^^^^^^^^^^^^^^^^^^^^^^^^^^^^^^^^^^^^^^^^^
  File "/home/airflow/.local/lib/python3.12/site-packages/airflow/utils/operator_helpers.py", line 252, in run
    return self.func(*args, **kwargs)
           ^^^^^^^^^^^^^^^^^^^^^^^^^^
  File "/opt/airflow/dags/fruad_detection_training_dag.py", line 25, in _train_model
    raise AirflowException(f'Failed to train model: {str(e)}')
airflow.exceptions.AirflowException: Failed to train model: No data found in Kafka topic
[2025-03-20T15:23:39.395+0000] {local_task_job_runner.py:266} INFO - Task exited with return code 1
[2025-03-20T15:23:39.408+0000] {taskinstance.py:3901} INFO - 1 downstream tasks scheduled from follow-on schedule check
[2025-03-20T15:23:39.409+0000] {local_task_job_runner.py:245} INFO - ::endgroup::
